Invalid word placement: (3,1) V, hello
..........
..........
..hello...
..e...l...
..l...l...
..l...e...
..olleh...
..........
..........
..........
Place vertically at (4,2)
Place vertically at (5,2)
Place horizontally at (6,3)
Place horizontally at (2,4)
Place horizontally at (6,4)
Place horizontally at (2,5)
Place vertically at (3,6)
Place vertically at (4,6)
Place horizontally at (6,5)
Place vertically at (5,6)
